i, is     1.00000 
i, is     2.00000 
i, is     3.00000 
i, is     4.00000 
i, is     5.00000 
i, is     6.00000 
i, is     7.00000 
i, is     8.00000 
i, is     9.00000 
i, is    10.00000 
