     1.00000 before cycle 
     1.00000 after cycle 
     2.00000 before cycle 
     2.00000 after cycle 
     3.00000 before cycle 
     3.00000 after cycle 
     4.00000 before cycle 
     4.00000 after cycle 
     5.00000 before cycle 
     5.00000 after cycle 
     6.00000 before cycle 
     6.00000 after do loop 
