    10.10000 
    11.10000 
    12.10000 
    13.10000 
    14.10000 
    12.10000 
     1.00000 
     2.00000 
 15 Array value used before it is initialised
