i less than 5     1.00000 
i less than 5     2.00000 
i less than 5     3.00000 
i less than 5     4.00000 
i greater than 5     5.00000 
i greater than 5     6.00000 
i greater than 5     7.00000 
i greater than 5     8.00000 
i greater than 5     9.00000 
i greater than 5    10.00000 
